[2025-06-19 12:00:23,544] 65 langchain_google_genai.chat_models - WARNING - Retrying langchain_google_genai.chat_models._chat_with_retry.<locals>._chat_with_retry in 2.0 seconds as it raised ResourceExhausted: 429 Quota exceeded for quota metric 'Generate Content API requests per minute' and limit 'GenerateContent request limit per minute for a region' of service 'generativelanguage.googleapis.com' for consumer 'project_number:1071729477302'. [reason: "RATE_LIMIT_EXCEEDED"
domain: "googleapis.com"
metadata {
  key: "service"
  value: "generativelanguage.googleapis.com"
}
metadata {
  key: "quota_unit"
  value: "1/min/{project}/{region}"
}
metadata {
  key: "quota_metric"
  value: "generativelanguage.googleapis.com/generate_content_requests"
}
metadata {
  key: "quota_location"
  value: "us-central1"
}
metadata {
  key: "quota_limit"
  value: "GenerateContentRequestsPerMinutePerProjectPerRegion"
}
metadata {
  key: "quota_limit_value"
  value: "0"
}
metadata {
  key: "consumer"
  value: "projects/1071729477302"
}
, links {
  description: "Request a higher quota limit."
  url: "https://cloud.google.com/docs/quotas/help/request_increase"
}
].
[2025-06-19 12:04:27,945] 65 langchain_google_genai.chat_models - WARNING - Retrying langchain_google_genai.chat_models._chat_with_retry.<locals>._chat_with_retry in 2.0 seconds as it raised ResourceExhausted: 429 Quota exceeded for quota metric 'Generate Content API requests per minute' and limit 'GenerateContent request limit per minute for a region' of service 'generativelanguage.googleapis.com' for consumer 'project_number:1071729477302'. [reason: "RATE_LIMIT_EXCEEDED"
domain: "googleapis.com"
metadata {
  key: "service"
  value: "generativelanguage.googleapis.com"
}
metadata {
  key: "quota_unit"
  value: "1/min/{project}/{region}"
}
metadata {
  key: "quota_metric"
  value: "generativelanguage.googleapis.com/generate_content_requests"
}
metadata {
  key: "quota_location"
  value: "us-central1"
}
metadata {
  key: "quota_limit"
  value: "GenerateContentRequestsPerMinutePerProjectPerRegion"
}
metadata {
  key: "quota_limit_value"
  value: "0"
}
metadata {
  key: "consumer"
  value: "projects/1071729477302"
}
, links {
  description: "Request a higher quota limit."
  url: "https://cloud.google.com/docs/quotas/help/request_increase"
}
].
